main.c:235:19:update_nvitems	64	static
main.c:280:6:HAL_TIM_PeriodElapsedCallback	16	static
main.c:336:6:time_display	24	static
main.c:404:6:HAL_UART_RxCpltCallback	16	static
main.c:445:6:music_select	16	static
main.c:494:6:stime_setting	8	static
main.c:606:6:atime_setting	24	static
main.c:715:6:mode_analysis	8	static
main.c:761:19:LCD_SendInternal	32	static
main.c:783:6:LCD_SendCommand	16	static
main.c:787:6:LCD_SendData	16	static
main.c:791:6:LCD_Init	16	static
main.c:802:6:LCD_SendString	16	static
main.c:808:6:LCD_print	16	static
main.c:821:6:init	8	static
main.c:834:6:loop	8	static
main.c:855:6:HAL_GPIO_EXTI_Callback	24	static
main.c:985:5:main	8	static
main.c:1101:6:SystemClock_Config	136	static
main.c:1158:13:MX_NVIC_Init	8	static
main.c:1170:13:MX_ADC1_Init	24	static
main.c:1220:13:MX_I2C1_Init	8	static
main.c:1266:13:MX_RTC_Init	8	static
main.c:1300:13:MX_TIM2_Init	32	static
main.c:1345:13:MX_TIM3_Init	32	static
main.c:1390:13:MX_USART3_UART_Init	8	static
main.c:1423:13:MX_GPIO_Init	56	static
main.c:1531:1:__io_putchar	16	static
main.c:1546:6:Error_Handler	4	static
